lab3 $ make run
Starting Memory Scramble server...
Port: 8080
Board: boards/perfect.txt
Open http://localhost:8080 in your browser to play!
go run main.go -port=8080 -board=boards/perfect.txt
Starting Memory Scramble server on http://localhost:8080
Board file: boards/perfect.txt
2025/11/14 14:01:36 [HTTP_LOG]  | FLIP | Player: orange_bean_485 | Position: 2,1 | IP: 127.0.0.1:59068
2025/11/14 14:01:36 [GAME_LOG] 14:01:36.072 | FLIP_START | Player: orange_bean_485 | Position: (2,1) | Board_State: (4x4) Cards: ? ? ? ? ? ? ? ? ? ? ? ? ? ? ? ? Players: blue_bean_670(ctrl:0,prev:0,wait:false) orange_bean_485(ctrl:0,prev:0,wait:false)
2025/11/14 14:01:36 [GAME_LOG] 14:01:36.072 | RULE_1B | Player: orange_bean_485 | Card: E | Action: Flipped face up and gained control
2025/11/14 14:01:36 [GAME_LOG] 14:01:36.072 | FLIP_FIRST_CARD | Player: orange_bean_485 | Position: (2,1) | Result: <nil> | Board_State: (4x4) Cards: ? ? ? ? ? ? ? ? ? E[orange_bean_485] ? ? ? ? ? ? Players: blue_bean_670(ctrl:0,prev:0,wait:false) orange_bean_485(ctrl:1,prev:0,wait:false)
2025/11/14 14:01:44 [HTTP_LOG]  | FLIP | Player: blue_bean_670 | Position: 3,2 | IP: 127.0.0.1:59068
2025/11/14 14:01:44 [GAME_LOG] 14:01:44.408 | FLIP_START | Player: blue_bean_670 | Position: (3,2) | Board_State: (4x4) Cards: ? ? ? ? ? ? ? ? ? E[orange_bean_485] ? ? ? ? ? ? Players: blue_bean_670(ctrl:0,prev:0,wait:false) orange_bean_485(ctrl:1,prev:0,wait:false)
2025/11/14 14:01:44 [GAME_LOG] 14:01:44.408 | RULE_1B | Player: blue_bean_670 | Card: H | Action: Flipped face up and gained control
2025/11/14 14:01:44 [GAME_LOG] 14:01:44.408 | FLIP_FIRST_CARD | Player: blue_bean_670 | Position: (3,2) | Result: <nil> | Board_State: (4x4) Cards: ? ? ? ? ? ? ? ? ? E[orange_bean_485] ? ? ? ? H[blue_bean_670] ? Players: blue_bean_670(ctrl:1,prev:0,wait:false) orange_bean_485(ctrl:1,prev:0,wait:false)
2025/11/14 14:01:46 [HTTP_LOG]  | FLIP | Player: blue_bean_670 | Position: 2,0 | IP: 127.0.0.1:59074
2025/11/14 14:01:46 [GAME_LOG] 14:01:46.673 | FLIP_START | Player: blue_bean_670 | Position: (2,0) | Board_State: (4x4) Cards: ? ? ? ? ? ? ? ? ? E[orange_bean_485] ? ? ? ? H[blue_bean_670] ? Players: orange_bean_485(ctrl:1,prev:0,wait:false) blue_bean_670(ctrl:1,prev:0,wait:false)
2025/11/14 14:01:46 [GAME_LOG] 14:01:46.673 | RULE_2C | Player: blue_bean_670 | Card: E | Action: Flipped second card face up
2025/11/14 14:01:46 [GAME_LOG] 14:01:46.673 | RULE_2E | Player: blue_bean_670 | Cards: H,E | Action: NO MATCH, relinquished control but cards stay face up
2025/11/14 14:01:46 [GAME_LOG] 14:01:46.673 | FLIP_SECOND_CARD | Player: blue_bean_670 | Position: (2,0) | Result: <nil> | Board_State: (4x4) Cards: ? ? ? ? ? ? ? ? E[blue_bean_670] E[orange_bean_485] ? ? ? ? H[uncontrolled] ? Players: blue_bean_670(ctrl:1,prev:2,wait:false) orange_bean_485(ctrl:1,prev:0,wait:false)
2025/11/14 14:01:51 [HTTP_LOG]  | FLIP | Player: blue_bean_670 | Position: 2,1 | IP: 127.0.0.1:59074
2025/11/14 14:01:51 [GAME_LOG] 14:01:51.516 | FLIP_START | Player: blue_bean_670 | Position: (2,1) | Board_State: (4x4) Cards: ? ? ? ? ? ? ? ? E[blue_bean_670] E[orange_bean_485] ? ? ? ? H[uncontrolled] ? Players: blue_bean_670(ctrl:1,prev:2,wait:false) orange_bean_485(ctrl:1,prev:0,wait:false)
2025/11/14 14:01:51 [GAME_LOG] 14:01:51.516 | RULE_3B | Player: blue_bean_670 | Cards: [H] | Action: Flipped non-matching cards face down
2025/11/14 14:01:51 [GAME_LOG] 14:01:51.516 | RULE_1D | Player: blue_bean_670 | Card: E | Controller: orange_bean_485 | Action: Waiting for card
2025/11/14 14:01:51 [GAME_LOG] 14:01:51.516 | FLIP_FIRST_CARD | Player: blue_bean_670 | Position: (2,1) | Result: waiting for card to become available | Board_State: (4x4) Cards: ? ? ? ? ? ? ? ? E[uncontrolled] E[orange_bean_485] ? ? ? ? ? ? Players: blue_bean_670(ctrl:0,prev:0,wait:true) orange_bean_485(ctrl:1,prev:0,wait:false)
2025/11/14 14:01:51 Flip error for player blue_bean_670 at 2,1: waiting for card to become available
